// Jest Snapshot v1, https://goo.gl/fbAQLP

exports[`Pruebas en GifGridItem Deber√≠a de mostrar <GifGridItem /> correctamente  1`] = `
<div
  className="card animate__animated animate__bounce"
>
  <img
    alt="template_title"
    src="https: //template.url"
  />
  <p>
    template_title
  </p>
</div>
`;
