// Jest Snapshot v1, https://goo.gl/fbAQLP

exports[`Pruebas en el componente GifExpertApp Deberia hacer toMatchSnapshot correctamente 1`] = `
<Fragment>
  <h2>
    GiftExpertApp
  </h2>
  <AddCategory
    setCategories={
      Array [
        "messi",
      ]
    }
  />
  <hr />
  <ol />
</Fragment>
`;
